// Vitest Snapshot v1, https://vitest.dev/guide/snapshot.html

exports[`loading overlay > should render 1`] = `
<div>
  <div
    class="fixed inset-0 z-50 flex items-center justify-center"
  >
    <svg
      class="stroke-primary h-12 w-12 spinner"
      viewBox="0 0 50 50"
    >
      <circle
        class="path"
        cx="25"
        cy="25"
        fill="none"
        r="20"
        stroke-linecap="round"
        stroke-width="5"
      />
    </svg>
  </div>
</div>
`;
